warning: /Users/xingyuwang/Library/org.swift.swiftpm/configuration is not accessible or not writable, disabling user-level cache features.
warning: /Users/xingyuwang/Library/org.swift.swiftpm/security is not accessible or not writable, disabling user-level cache features.
warning: /Users/xingyuwang/Library/Caches/org.swift.swiftpm is not accessible or not writable, disabling user-level cache features.
warning: 'poolproblem': failed storing manifest for 'poolproblem' in cache: attempt to write a readonly database
warning: 'swift-argument-parser': failed storing manifest for 'swift-argument-parser' in cache: attempt to write a readonly database
Building for debugging...
[Computing dependencies]
[1 / 5] DiskReservoirCoreTests-product
[2 / 5] DiskReservoirCoreTests-product
[4 / 7] DiskReservoirCoreTests-product
[9 / 11] DiskReservoirCoreTests-product
Build complete! (3.18秒)
◇ Test run started.
↳ Testing Library Version: 2084
↳ Target Platform: arm64e-apple-macos14.0
◇ Test historicalStoreAStillProtectsScanAndAutoCleanAfterPnpmMovesToB() started.
◇ Test exactCustomRootDoesNotDoubleCountOwnerStore() started.
◇ Test pnpmProbeRejectsAmbiguousStoresAndDisablesCorepackNetwork() started.
◇ Test customAndOldSnapshotRootsCannotDeleteDynamicPnpmStore() started.
◇ Test pnpmProbeSkipsBrokenShimAndScansExactStoreWithoutDeletion() started.
◇ Test approvedDefaultCacheFailsClosedWhenPnpmProbeFails() started.
◇ Test knownStoreHistoryOverflowFailsClosedForEveryRawDeletion() started.
◇ Test unavailablePnpmKeepsOtherCachesUsableAndProtectsKnownLocations() started.
◇ Test aggregateScanExcludesNestedPnpmStoreWithoutHidingSiblingCache() started.
◇ Test pnpmProbeRejectsMalformedPathsAndNeverRunsPrune() started.
✔ Test unavailablePnpmKeepsOtherCachesUsableAndProtectsKnownLocations() passed after 0.148 seconds.
✔ Test approvedDefaultCacheFailsClosedWhenPnpmProbeFails() passed after 0.148 seconds.
✔ Test knownStoreHistoryOverflowFailsClosedForEveryRawDeletion() passed after 0.148 seconds.
✔ Test exactCustomRootDoesNotDoubleCountOwnerStore() passed after 0.151 seconds.
✔ Test aggregateScanExcludesNestedPnpmStoreWithoutHidingSiblingCache() passed after 0.151 seconds.
✔ Test historicalStoreAStillProtectsScanAndAutoCleanAfterPnpmMovesToB() passed after 0.159 seconds.
✔ Test pnpmProbeRejectsMalformedPathsAndNeverRunsPrune() passed after 0.832 seconds.
✔ Test customAndOldSnapshotRootsCannotDeleteDynamicPnpmStore() passed after 1.626 seconds.
✔ Test pnpmProbeRejectsAmbiguousStoresAndDisablesCorepackNetwork() passed after 2.014 seconds.
✔ Test pnpmProbeSkipsBrokenShimAndScansExactStoreWithoutDeletion() passed after 2.539 seconds.
✔ Test run with 10 tests in 0 suites passed after 2.539 seconds.
